[
    "<ul>\n        <li>one<\/li>\n        <li>two<\/li>\n        <li>three<\/li>\n    <\/ul>",
    "<ul>\n        <li>one<\/li>\n        <li>two<\/li>\n        <li>three<\/li>\n    <\/ul>"
]