{
    "entriesField": [
        {
            "title": "child",
            "slug": "child",
            "isDraft": false,
            "isRevision": false,
            "isNewForSite": false,
            "isUnpublishedDraft": false,
            "enabled": true,
            "archived": false,
            "uri": "posts\/child",
            "trashed": false,
            "ref": "posts\/child",
            "status": "live",
            "url": "http:\/\/localhost:8080\/posts\/child"
        }
    ],
    "title": "foo bar",
    "slug": "foo-bar",
    "isDraft": false,
    "isRevision": false,
    "isNewForSite": false,
    "isUnpublishedDraft": false,
    "enabled": true,
    "archived": false,
    "uri": "posts\/foo-bar",
    "trashed": false,
    "ref": "posts\/foo-bar",
    "status": "live",
    "url": "http:\/\/localhost:8080\/posts\/foo-bar"
}