[{"expiryDate":null,"deletedWithEntryType":false,"_authorId":null,"tempId":null,"draftId":null,"revisionId":null,"isProvisionalDraft":false,"enabled":true,"archived":false,"title":"Entry 0","slug":"entry-0","uri":"posts\/entry-0","dateLastMerged":null,"dateDeleted":null,"trashed":false,"isNewForSite":false,"isDraft":false,"isRevision":false,"isUnpublishedDraft":false,"ref":"posts\/entry-0","status":"live","structureId":null,"url":"http:\/\/localhost:8080\/posts\/entry-0","authorId":null},{"expiryDate":null,"deletedWithEntryType":false,"_authorId":null,"tempId":null,"draftId":null,"revisionId":null,"isProvisionalDraft":false,"enabled":true,"archived":false,"title":"Entry 1","slug":"entry-1","uri":"posts\/entry-1","dateLastMerged":null,"dateDeleted":null,"trashed":false,"isNewForSite":false,"isDraft":false,"isRevision":false,"isUnpublishedDraft":false,"ref":"posts\/entry-1","status":"live","structureId":null,"url":"http:\/\/localhost:8080\/posts\/entry-1","authorId":null},{"expiryDate":null,"deletedWithEntryType":false,"_authorId":null,"tempId":null,"draftId":null,"revisionId":null,"isProvisionalDraft":false,"enabled":true,"archived":false,"title":"Entry 2","slug":"entry-2","uri":"posts\/entry-2","dateLastMerged":null,"dateDeleted":null,"trashed":false,"isNewForSite":false,"isDraft":false,"isRevision":false,"isUnpublishedDraft":false,"ref":"posts\/entry-2","status":"live","structureId":null,"url":"http:\/\/localhost:8080\/posts\/entry-2","authorId":null}]